// Jest Snapshot v1, https://goo.gl/fbAQLP

exports[`Stocks.Actions Render 1`] = `"<div class=\\"MuiGrid-container-1 stocks-actions-container\\"><div class=\\"MuiGrid-item-2 MuiGrid-grid-xs-12-38 grid-right\\"><button tabindex=\\"0\\" class=\\"MuiButtonBase-root-106 MuiButton-root-91 MuiButton-raised-96 MuiButton-raisedPrimary-97\\" type=\\"button\\"><span class=\\"MuiButton-label-92\\">Purchase</span><span class=\\"MuiTouchRipple-root-109\\"></span></button></div></div>"`;

exports[`Stocks.Actions Snapshot an object graph 1`] = `
Object {
  "baz": "buzz",
  "foo": "bar",
}
`;
